---
source: tests/snapshots.rs
expression: buffer_to_text(&buf)
---
 FILTERS                   ▶▮◀ /tmp/tuxemdo-snapshot.txt  •  15 ta DETAIL                           
                                                                                                    
 PROJECTS                  (2)  PRIORITY A  ────────────────────── priority  (A)                    
   +work             4      1 ▸ (A) Finish Q2 board deck +work     created   2026-05-01             
   +health           3              @laptop due:2026-05-06         due       2026-05-06  today      
   +finance          2      2   (A) Call dentist to reschedule     projects  +work                  
   +home            ┌ tuxemdo · command ───────────────────────────────────────┐ptop                
   +learning        │ > arch█  4 matches                                       │                    
   +personal        │──────────────────────────────────────────────────────────│                    
   +travel          │ ▶ archive completed tasks                              A │                    
                    │   toggle archive view                                  a │6-05-01 Finish Q2   
 CONTEXTS           │   fuzzy search                                         / │ork @laptop         
   @errands         │   save search as filter                               fs │6                   
   @home            │                                                          │                    
   @laptop          │                                                          │                    
   @phone           │                                                          │                    
                    │                                                          │                    
                    │                                                          │                    
                    │                                                          │                    
                    │                                                          │                    
                    │                                                          │                    
                    │                                                          │                    
                    │                                                          │                    
                    │                                                          │                    
                    │  ↑↓ / Ctrl-N/P navigate · Enter run · Esc cancel         │                    
                    └──────────────────────────────────────────────────────────┘                    
                            9       Pay rent due:2026-05-15                                         
                                    rec:+1m +finance @home                                          
                           10       Pick up dry cleaning @errands                                   
                           11       Schedule annual physical                                        
                                    @phone +health                                                  
 COMMAND   type to filter · Enter run · Esc cancel          15 open · 2026-05-06 · tuxemdo 2026.6.3
