---
source: tests/snapshots.rs
expression: buffer_to_text(&buf)
---
 FILTERS                   ▶▮◀ /tmp/tuxemdo-snapshot.txt  •  0 tas DETAIL                           
                                                                                                    
 PROJECTS                                                          (no task)                        
   tag with +project                                                                                
                                                                                                    
 CONTEXTS                                                                                           
   tag with @context                                                                                
                                                                                                    
                      ┌ tuxemdo · welcome ───────────────────────────────────┐                      
                      │                    ██          ██                    │                      
                      │                    ████  ██  ████                    │                      
                      │                    ██████████████                    │                      
                      │                    ████  ██  ████                    │                      
                      │                    ██          ██                    │                      
                      │                                                      │                      
                      │  no todo.md in this folder yet                       │                      
                      │                                                      │                      
                      │   c   create ./todo.md here                          │                      
                      │   s   open the sample                                │                      
                      │   q   quit                                           │                      
                      │                                                      │                      
                      │                                                      │                      
                      │                                                      │                      
                      └──────────────────────────────────────────────────────┘                      
                                                                                                    
                                                                                                    
                                                                                                    
                                                                                                    
                                                                                                    
                                                                                                    
                                                                                                    
 WELCOME   c create ./todo.md · s open sample · q quit       0 open · 2026-05-06 · tuxemdo 2026.6.3
